// Jest Snapshot v1, https://goo.gl/fbAQLP

exports[`renders correctly 1`] = `
<Text
  style={
    [
      {
        "color": "#1B1B1B",
      },
      {
        "fontSize": 16,
        "lineHeight": 20,
      },
      undefined,
    ]
  }
>
  Snapshot test!
</Text>
`;
